Windows PowerShell
Copyright (C) Microsoft Corporation. All rights reserved.

Install the latest PowerShell for new features and improvements! https://aka.ms/PSWindows

PS C:\WINDOWS\system32> cd mysql-phpmyadmin
PS C:\WINDOWS\system32\mysql-phpmyadmin> docker-compose up -d
time="2025-04-20T20:38:24+05:30" level=warning msg="C:\\WINDOWS\\system32\\mysql-phpmyadmin\\docker-compose.yml: the attribute `version` is obsolete, it will be ignored, please remove it to avoid potential confusion"
[+] Running 32/32
 ✔ db Pulled                                                                                                                                                                                                 47.7s
 ✔ phpmyadmin Pulled                                                                                                                                                                                         33.0s




















[+] Running 3/3
 ✔ Network mysql-phpmyadmin_default  Created                                                                                                                                                                  0.1s
 ✔ Container mysql-container         Started                                                                                                                                                                  1.4s
 ✔ Container phpmyadmin-container    Started                                                                                                                                                                  0.9s
PS C:\WINDOWS\system32\mysql-phpmyadmin> docker-compose up -d
time="2025-04-20T20:39:18+05:30" level=warning msg="C:\\WINDOWS\\system32\\mysql-phpmyadmin\\docker-compose.yml: the attribute `version` is obsolete, it will be ignored, please remove it to avoid potential confusion"
[+] Running 2/2
 ✔ Container mysql-container       Running                                                                                                                                                                    0.0s
 ✔ Container phpmyadmin-container  Running                                                                                                                                                                    0.0s
PS C:\WINDOWS\system32\mysql-phpmyadmin> cd VReqST
cd : Cannot find path 'C:\WINDOWS\system32\mysql-phpmyadmin\VReqST' because it does not exist.
At line:1 char:1
+ cd VReqST
+ ~~~~~~~~~
    + CategoryInfo          : ObjectNotFound: (C:\WINDOWS\syst...pmyadmin\VReqST:String) [Set-Location], ItemNotFoundException
    + FullyQualifiedErrorId : PathNotFound,Microsoft.PowerShell.Commands.SetLocationCommand

PS C:\WINDOWS\system32\mysql-phpmyadmin> docker stop mysql-container
mysql-container
PS C:\WINDOWS\system32\mysql-phpmyadmin> docker-compose down
time="2025-04-20T20:42:29+05:30" level=warning msg="C:\\WINDOWS\\system32\\mysql-phpmyadmin\\docker-compose.yml: the attribute `version` is obsolete, it will be ignored, please remove it to avoid potential confusion"
[+] Running 3/3
 ✔ Container phpmyadmin-container    Removed                                                                                                                                                                  1.7s
 ✔ Container mysql-container         Removed                                                                                                                                                                  0.0s
 ✔ Network mysql-phpmyadmin_default  Removed                                                                                                                                                                  0.8s
PS C:\WINDOWS\system32\mysql-phpmyadmin> cd VReqST
cd : Cannot find path 'C:\WINDOWS\system32\mysql-phpmyadmin\VReqST' because it does not exist.
At line:1 char:1
+ cd VReqST
+ ~~~~~~~~~
    + CategoryInfo          : ObjectNotFound: (C:\WINDOWS\syst...pmyadmin\VReqST:String) [Set-Location], ItemNotFoundException
    + FullyQualifiedErrorId : PathNotFound,Microsoft.PowerShell.Commands.SetLocationCommand

PS C:\WINDOWS\system32\mysql-phpmyadmin> mkdir VReqST


    Directory: C:\WINDOWS\system32\mysql-phpmyadmin


Mode                 LastWriteTime         Length Name
----                 -------------         ------ ----
d-----        20-04-2025     20:42                VReqST


PS C:\WINDOWS\system32\mysql-phpmyadmin> cd VReqST
PS C:\WINDOWS\system32\mysql-phpmyadmin\VReqST> docker build -t vreqst-app .
[+] Building 0.3s (1/1) FINISHED                                                                                                                                                              docker:desktop-linux
 => [internal] load build definition from Dockerfile                                                                                                                                                          0.1s
 => => transferring dockerfile: 2B                                                                                                                                                                            0.0s
ERROR: failed to solve: failed to read dockerfile: open Dockerfile: no such file or directory
PS C:\WINDOWS\system32\mysql-phpmyadmin\VReqST> notepad Dockerfile
PS C:\WINDOWS\system32\mysql-phpmyadmin\VReqST> docker build -t vreqst-app .
[+] Building 0.1s (1/1) FINISHED                                                                                                                                                              docker:desktop-linux
 => [internal] load build definition from Dockerfile                                                                                                                                                          0.0s
 => => transferring dockerfile: 2B                                                                                                                                                                            0.0s
ERROR: failed to solve: failed to read dockerfile: open Dockerfile: no such file or directory
PS C:\WINDOWS\system32\mysql-phpmyadmin\VReqST> dir


    Directory: C:\WINDOWS\system32\mysql-phpmyadmin\VReqST


Mode                 LastWriteTime         Length Name
----                 -------------         ------ ----
-a----        20-04-2025     20:44            362 Dockerfile.txt


PS C:\WINDOWS\system32\mysql-phpmyadmin\VReqST> notepad Dockerfile
PS C:\WINDOWS\system32\mysql-phpmyadmin\VReqST> dir


    Directory: C:\WINDOWS\system32\mysql-phpmyadmin\VReqST


Mode                 LastWriteTime         Length Name
----                 -------------         ------ ----
-a----        20-04-2025     20:45            362 Dockerfile.txt


PS C:\WINDOWS\system32\mysql-phpmyadmin\VReqST> docker build -t vreqst-app .
[+] Building 0.1s (1/1) FINISHED                                                                                                                                                              docker:desktop-linux
 => [internal] load build definition from Dockerfile                                                                                                                                                          0.0s
 => => transferring dockerfile: 2B                                                                                                                                                                            0.0s
ERROR: failed to solve: failed to read dockerfile: open Dockerfile: no such file or directory
PS C:\WINDOWS\system32\mysql-phpmyadmin\VReqST> dir


    Directory: C:\WINDOWS\system32\mysql-phpmyadmin\VReqST


Mode                 LastWriteTime         Length Name
----                 -------------         ------ ----
-a----        20-04-2025     20:45            362 Dockerfile.txt


PS C:\WINDOWS\system32\mysql-phpmyadmin\VReqST> Rename-Item -Path "Dockerfile.txt" -NewName "Dockerfile"
PS C:\WINDOWS\system32\mysql-phpmyadmin\VReqST> docker build -t vreqst-app .
[+] Building 26.4s (9/9) FINISHED                                                                                                                                                             docker:desktop-linux
 => [internal] load build definition from Dockerfile                                                                                                                                                          0.0s
 => => transferring dockerfile: 401B                                                                                                                                                                          0.0s
 => [internal] load metadata for docker.io/library/python:3.9-slim                                                                                                                                            8.7s
 => [auth] library/python:pull token for registry-1.docker.io                                                                                                                                                 0.0s
 => [internal] load .dockerignore                                                                                                                                                                             0.0s
 => => transferring context: 2B                                                                                                                                                                               0.0s
 => [1/4] FROM docker.io/library/python:3.9-slim@sha256:9aa5793609640ecea2f06451a0d6f379330880b413f954933289cf3b27a78567                                                                                     10.5s
 => => resolve docker.io/library/python:3.9-slim@sha256:9aa5793609640ecea2f06451a0d6f379330880b413f954933289cf3b27a78567                                                                                      0.0s
 => => sha256:a0b0cfc480ce03c723a597904bcfbf28c71438c689e6d5097c2332835f67a40c 14.93MB / 14.93MB                                                                                                              2.3s
 => => sha256:9aa5793609640ecea2f06451a0d6f379330880b413f954933289cf3b27a78567 10.41kB / 10.41kB                                                                                                              0.0s
 => => sha256:d6e2ddca278e1b84c1a934ca8f07bbbfe6b6ec936a0b68107c862769f66734fa 1.75kB / 1.75kB                                                                                                                0.0s
 => => sha256:501f96d59d707efd12df137b6d001069e83068678ef241ca5bdaf05882636b79 5.29kB / 5.29kB                                                                                                                0.0s
 => => sha256:8a628cdd7ccc83e90e5a95888fcb0ec24b991141176c515ad101f12d6433eb96 28.23MB / 28.23MB                                                                                                              3.1s
 => => sha256:74018f7cfa8f2965fd86b13c38f71417bc846e071a5f5bb5ae569ccb5a6e7248 3.51MB / 3.51MB                                                                                                                0.7s
 => => sha256:97d21b95fb00ac3b08975ab6f8709f3a7e35a05d75e2f9a70fa95348279dac27 250B / 250B                                                                                                                    1.2s
 => => extracting sha256:8a628cdd7ccc83e90e5a95888fcb0ec24b991141176c515ad101f12d6433eb96                                                                                                                     4.2s
 => => extracting sha256:74018f7cfa8f2965fd86b13c38f71417bc846e071a5f5bb5ae569ccb5a6e7248                                                                                                                     0.4s
 => => extracting sha256:a0b0cfc480ce03c723a597904bcfbf28c71438c689e6d5097c2332835f67a40c                                                                                                                     2.1s
 => => extracting sha256:97d21b95fb00ac3b08975ab6f8709f3a7e35a05d75e2f9a70fa95348279dac27                                                                                                                     0.0s
 => [internal] load build context                                                                                                                                                                             0.1s
 => => transferring context: 401B                                                                                                                                                                             0.0s
 => [2/4] WORKDIR /app                                                                                                                                                                                        2.0s
 => [3/4] COPY . .                                                                                                                                                                                            0.1s
 => ERROR [4/4] RUN pip install --no-cache-dir -r requirements.txt                                                                                                                                            4.9s
------
 > [4/4] RUN pip install --no-cache-dir -r requirements.txt:
2.979 ERROR: Could not open requirements file: [Errno 2] No such file or directory: 'requirements.txt'
4.369
4.369 [notice] A new release of pip is available: 23.0.1 -> 25.0.1
4.369 [notice] To update, run: pip install --upgrade pip
------
Dockerfile:11
--------------------
   9 |
  10 |     # Install dependencies
  11 | >>> RUN pip install --no-cache-dir -r requirements.txt
  12 |
  13 |     # Expose the port (adjust as needed)
--------------------
ERROR: failed to solve: process "/bin/sh -c pip install --no-cache-dir -r requirements.txt" did not complete successfully: exit code: 1
PS C:\WINDOWS\system32\mysql-phpmyadmin\VReqST> docker run -d -p 8000:8000 vreqst-app
Unable to find image 'vreqst-app:latest' locally
docker: Error response from daemon: pull access denied for vreqst-app, repository does not exist or may require 'docker login': denied: requested access to the resource is denied

Run 'docker run --help' for more information
PS C:\WINDOWS\system32\mysql-phpmyadmin\VReqST> docker-compose up --build
time="2025-04-20T20:50:01+05:30" level=warning msg="C:\\WINDOWS\\system32\\mysql-phpmyadmin\\docker-compose.yml: the attribute `version` is obsolete, it will be ignored, please remove it to avoid potential confusion"
[+] Running 3/3
 ✔ Network mysql-phpmyadmin_default  Created                                                                                                                                                                  0.1s
 ✔ Container mysql-container         Created                                                                                                                                                                  0.2s
 ✔ Container phpmyadmin-container    Created                                                                                                                                                                  0.2s
Attaching to mysql-container, phpmyadmin-container
mysql-container       | 2025-04-20 15:20:03+00:00 [Note] [Entrypoint]: Entrypoint script for MySQL Server 9.3.0-1.el9 started.
phpmyadmin-container  | AH00558: apache2: Could not reliably determine the server's fully qualified domain name, using 172.18.0.3. Set the 'ServerName' directive globally to suppress this message
phpmyadmin-container  | AH00558: apache2: Could not reliably determine the server's fully qualified domain name, using 172.18.0.3. Set the 'ServerName' directive globally to suppress this message
mysql-container       | 2025-04-20 15:20:03+00:00 [Note] [Entrypoint]: Switching to dedicated user 'mysql'
mysql-container       | 2025-04-20 15:20:03+00:00 [Note] [Entrypoint]: Entrypoint script for MySQL Server 9.3.0-1.el9 started.
phpmyadmin-container  | [Sun Apr 20 15:20:03.773404 2025] [mpm_prefork:notice] [pid 1:tid 1] AH00163: Apache/2.4.62 (Debian) PHP/8.2.27 configured -- resuming normal operations
phpmyadmin-container  | [Sun Apr 20 15:20:03.773509 2025] [core:notice] [pid 1:tid 1] AH00094: Command line: 'apache2 -D FOREGROUND'
mysql-container       | 2025-04-20 15:20:04+00:00 [Note] [Entrypoint]: Initializing database files
mysql-container       | 2025-04-20T15:20:04.109571Z 0 [System] [MY-015017] [Server] MySQL Server Initialization - start.
mysql-container       | 2025-04-20T15:20:04.112743Z 0 [System] [MY-013169] [Server] /usr/sbin/mysqld (mysqld 9.3.0) initializing of server in progress as process 80
mysql-container       | 2025-04-20T15:20:04.133443Z 1 [System] [MY-013576] [InnoDB] InnoDB initialization has started.
mysql-container       | 2025-04-20T15:20:04.712770Z 1 [System] [MY-013577] [InnoDB] InnoDB initialization has ended.
mysql-container       | 2025-04-20T15:20:06.585495Z 6 [Warning] [MY-010453] [Server] root@localhost is created with an empty password ! Please consider switching off the --initialize-insecure option.
mysql-container       | 2025-04-20T15:20:09.862547Z 0 [System] [MY-015018] [Server] MySQL Server Initialization - end.
mysql-container       | 2025-04-20 15:20:09+00:00 [Note] [Entrypoint]: Database files initialized
mysql-container       | 2025-04-20 15:20:10+00:00 [Note] [Entrypoint]: Starting temporary server
mysql-container       | 2025-04-20T15:20:10.035275Z 0 [System] [MY-015015] [Server] MySQL Server - start.
mysql-container       | 2025-04-20T15:20:10.278426Z 0 [System] [MY-010116] [Server] /usr/sbin/mysqld (mysqld 9.3.0) starting as process 123
mysql-container       | 2025-04-20T15:20:10.312829Z 1 [System] [MY-013576] [InnoDB] InnoDB initialization has started.
mysql-container       | 2025-04-20T15:20:10.857171Z 1 [System] [MY-013577] [InnoDB] InnoDB initialization has ended.
mysql-container       | 2025-04-20T15:20:11.421322Z 0 [Warning] [MY-010068] [Server] CA certificate ca.pem is self signed.
mysql-container       | 2025-04-20T15:20:11.421409Z 0 [System] [MY-013602] [Server] Channel mysql_main configured to support TLS. Encrypted connections are now supported for this channel.
mysql-container       | 2025-04-20T15:20:11.426582Z 0 [Warning] [MY-011810] [Server] Insecure configuration for --pid-file: Location '/var/run/mysqld' in the path is accessible to all OS users. Consider choosing a different directory.
mysql-container       | 2025-04-20T15:20:11.472032Z 0 [System] [MY-011323] [Server] X Plugin ready for connections. Socket: /var/run/mysqld/mysqlx.sock
mysql-container       | 2025-04-20T15:20:11.472338Z 0 [System] [MY-010931] [Server] /usr/sbin/mysqld: ready for connections. Version: '9.3.0'  socket: '/var/run/mysqld/mysqld.sock'  port: 0  MySQL Community Server - GPL.
mysql-container       | 2025-04-20 15:20:11+00:00 [Note] [Entrypoint]: Temporary server started.
mysql-container       | '/var/lib/mysql/mysql.sock' -> '/var/run/mysqld/mysqld.sock'
mysql-container       | Warning: Unable to load '/usr/share/zoneinfo/iso3166.tab' as time zone. Skipping it.
mysql-container       | Warning: Unable to load '/usr/share/zoneinfo/leap-seconds.list' as time zone. Skipping it.
mysql-container       | Warning: Unable to load '/usr/share/zoneinfo/leapseconds' as time zone. Skipping it.
mysql-container       | Warning: Unable to load '/usr/share/zoneinfo/tzdata.zi' as time zone. Skipping it.
mysql-container       | Warning: Unable to load '/usr/share/zoneinfo/zone.tab' as time zone. Skipping it.
mysql-container       | Warning: Unable to load '/usr/share/zoneinfo/zone1970.tab' as time zone. Skipping it.
mysql-container       |
mysql-container       | 2025-04-20 15:20:15+00:00 [Note] [Entrypoint]: Stopping temporary server
mysql-container       | 2025-04-20T15:20:15.703295Z 11 [System] [MY-013172] [Server] Received SHUTDOWN from user root. Shutting down mysqld (Version: 9.3.0).
mysql-container       | 2025-04-20T15:20:16.797328Z 0 [System] [MY-010910] [Server] /usr/sbin/mysqld: Shutdown complete (mysqld 9.3.0)  MySQL Community Server - GPL.
mysql-container       | 2025-04-20T15:20:16.797456Z 0 [System] [MY-015016] [Server] MySQL Server - end.
mysql-container       | 2025-04-20 15:20:17+00:00 [Note] [Entrypoint]: Temporary server stopped
mysql-container       |
mysql-container       | 2025-04-20 15:20:17+00:00 [Note] [Entrypoint]: MySQL init process done. Ready for start up.
mysql-container       |
mysql-container       | 2025-04-20T15:20:17.742696Z 0 [System] [MY-015015] [Server] MySQL Server - start.
mysql-container       | 2025-04-20T15:20:17.975504Z 0 [System] [MY-010116] [Server] /usr/sbin/mysqld (mysqld 9.3.0) starting as process 1
mysql-container       | 2025-04-20T15:20:17.993138Z 1 [System] [MY-013576] [InnoDB] InnoDB initialization has started.
mysql-container       | 2025-04-20T15:20:18.606135Z 1 [System] [MY-013577] [InnoDB] InnoDB initialization has ended.
mysql-container       | 2025-04-20T15:20:19.100348Z 0 [Warning] [MY-010068] [Server] CA certificate ca.pem is self signed.
mysql-container       | 2025-04-20T15:20:19.100442Z 0 [System] [MY-013602] [Server] Channel mysql_main configured to support TLS. Encrypted connections are now supported for this channel.
mysql-container       | 2025-04-20T15:20:19.107932Z 0 [Warning] [MY-011810] [Server] Insecure configuration for --pid-file: Location '/var/run/mysqld' in the path is accessible to all OS users. Consider choosing a different directory.
mysql-container       | 2025-04-20T15:20:19.170142Z 0 [System] [MY-011323] [Server] X Plugin ready for connections. Bind-address: '::' port: 33060, socket: /var/run/mysqld/mysqlx.sock
mysql-container       | 2025-04-20T15:20:19.170477Z 0 [System] [MY-010931] [Server] /usr/sbin/mysqld: ready for connections. Version: '9.3.0'  socket: '/var/run/mysqld/mysqld.sock'  port: 3306  MySQL Community Server - GPL.
phpmyadmin-container  | 172.18.0.1 - - [20/Apr/2025:15:20:36 +0000] "GET /index.php?route=/ HTTP/1.1" 200 6030 "http://localhost:8080/" "Mozilla/5.0 (Windows NT 10.0; Win64; x64) AppleWebKit/537.36 (KHTML, like Gecko) Chrome/135.0.0.0 Safari/537.36"
phpmyadmin-container  | 172.18.0.1 - - [20/Apr/2025:15:20:37 +0000] "GET /index.php?route=/ HTTP/1.1" 200 5937 "http://localhost:8080/index.php?route=/" "Mozilla/5.0 (Windows NT 10.0; Win64; x64) AppleWebKit/537.36 (KHTML, like Gecko) Chrome/135.0.0.0 Safari/537.36"
phpmyadmin-container  | 172.18.0.1 - - [20/Apr/2025:15:20:37 +0000] "GET /index.php?route=/ HTTP/1.1" 200 5935 "http://localhost:8080/index.php?route=/" "Mozilla/5.0 (Windows NT 10.0; Win64; x64) AppleWebKit/537.36 (KHTML, like Gecko) Chrome/135.0.0.0 Safari/537.36"
phpmyadmin-container  | 172.18.0.1 - - [20/Apr/2025:15:20:38 +0000] "GET /index.php?route=/ HTTP/1.1" 200 5939 "http://localhost:8080/index.php?route=/" "Mozilla/5.0 (Windows NT 10.0; Win64; x64) AppleWebKit/537.36 (KHTML, like Gecko) Chrome/135.0.0.0 Safari/537.36"

phpmyadmin-container  | 172.18.0.1 - - [20/Apr/2025:15:21:28 +0000] "-" 408 0 "-" "-"
phpmyadmin-container  | 172.18.0.1 - - [20/Apr/2025:15:22:00 +0000] "GET / HTTP/1.1" 200 5938 "-" "Mozilla/5.0 (Windows NT 10.0; Win64; x64) AppleWebKit/537.36 (KHTML, like Gecko) Chrome/135.0.0.0 Safari/537.36"





phpmyadmin-container  | 172.18.0.1 - - [20/Apr/2025:15:22:53 +0000] "-" 408 0 "-" "-"










Gracefully stopping... (press Ctrl+C again to force)
[+] Stopping 2/2
 ✔ Container phpmyadmin-container  Stopped                                                                                                                                                                    1.7s
 ✔ Container mysql-container       Stopped                                                                                                                                                                    1.2s

PS C:\WINDOWS\system32\mysql-phpmyadmin\VReqST> notepad requirements.txt
PS C:\WINDOWS\system32\mysql-phpmyadmin\VReqST> notepad app.py
PS C:\WINDOWS\system32\mysql-phpmyadmin\VReqST> docker build -t vreqst-app .
[+] Building 25.5s (10/10) FINISHED                                                                                                                                                           docker:desktop-linux
 => [internal] load build definition from Dockerfile                                                                                                                                                          0.0s
 => => transferring dockerfile: 401B                                                                                                                                                                          0.0s
 => [internal] load metadata for docker.io/library/python:3.9-slim                                                                                                                                            2.3s
 => [auth] library/python:pull token for registry-1.docker.io                                                                                                                                                 0.0s
 => [internal] load .dockerignore                                                                                                                                                                             0.0s
 => => transferring context: 2B                                                                                                                                                                               0.0s
 => [1/4] FROM docker.io/library/python:3.9-slim@sha256:9aa5793609640ecea2f06451a0d6f379330880b413f954933289cf3b27a78567                                                                                      0.0s
 => [internal] load build context                                                                                                                                                                             0.1s
 => => transferring context: 388B                                                                                                                                                                             0.0s
 => CACHED [2/4] WORKDIR /app                                                                                                                                                                                 0.0s
 => [3/4] COPY . .                                                                                                                                                                                            0.1s
 => [4/4] RUN pip install --no-cache-dir -r requirements.txt                                                                                                                                                 22.2s
 => exporting to image                                                                                                                                                                                        0.7s
 => => exporting layers                                                                                                                                                                                       0.6s
 => => writing image sha256:0a449b4f4ef742e6c4513fe30b3136aac846f754136b513395715c77540d718f                                                                                                                  0.0s
 => => naming to docker.io/library/vreqst-app                                                                                                                                                                 0.0s
PS C:\WINDOWS\system32\mysql-phpmyadmin\VReqST> docker run -d -p 8000:8000 vreqst-app
8552b0f1e7773d436af1901eb35b312d5aeedb69f867f2810b78d700fc8f5583